2025-10-02 15:02:49,590 - INFO - 1. CONFIGURACIÓN Y CARGA DE DATOS GLOBAL
2025-10-02 15:02:49,625 - INFO - 2. PREPROCESAMIENTO GLOBAL
2025-10-02 15:02:49,692 - INFO - 3. FUNCIONES AUXILIARES
2025-10-02 15:02:49,713 - INFO - 4. EJECUCIÓN DEL ANÁLISIS PARA TODOS LOS PORTAFOLIOS
2025-10-02 15:03:14,094 - WARNING - 5 out of the last 5 calls to <function TensorFlowTrainer.make_predict_function.<locals>.one_step_on_data_distributed at 0x0000023B5DFF3E20> triggered tf.function retracing. Tracing is expensive and the excessive number of tracings could be due to (1) creating @tf.function repeatedly in a loop, (2) passing tensors with different shapes, (3) passing Python objects instead of tensors. For (1), please define your @tf.function outside of the loop. For (2), @tf.function has reduce_retracing=True option that can avoid unnecessary retracing. For (3), please refer to https://www.tensorflow.org/guide/function#controlling_retracing and https://www.tensorflow.org/api_docs/python/tf/function for  more details.
2025-10-02 15:03:21,290 - INFO - Modelo guardado en: ../MODELS/lstm_entity_1.0_p1.0.keras
2025-10-02 15:03:21,862 - WARNING - 6 out of the last 6 calls to <function TensorFlowTrainer.make_predict_function.<locals>.one_step_on_data_distributed at 0x0000023B6106AD40> triggered tf.function retracing. Tracing is expensive and the excessive number of tracings could be due to (1) creating @tf.function repeatedly in a loop, (2) passing tensors with different shapes, (3) passing Python objects instead of tensors. For (1), please define your @tf.function outside of the loop. For (2), @tf.function has reduce_retracing=True option that can avoid unnecessary retracing. For (3), please refer to https://www.tensorflow.org/guide/function#controlling_retracing and https://www.tensorflow.org/api_docs/python/tf/function for  more details.
2025-10-02 15:03:59,410 - INFO - Modelo guardado en: ../MODELS/lstm_entity_3.0_p3.0.keras
2025-10-02 15:04:38,071 - INFO - Modelo guardado en: ../MODELS/lstm_entity_4.0_p4.0.keras
2025-10-02 15:04:51,138 - INFO - 5. GENERACIÓN DEL RESUMEN FINAL Y EXPORTACIÓN A EXCEL (NUEVA IMPLEMENTACIÓN)
2025-10-02 15:04:51,141 - INFO - Genera Excel con el resultado de las metricas
2025-10-02 15:04:52,389 - INFO - FINALIZA ENTRENAMIENTO
2025-10-02 15:05:26,787 - INFO - 1. CONFIGURACIÓN Y CARGA DE DATOS GLOBAL
2025-10-02 15:05:27,208 - INFO - 2. PREPROCESAMIENTO GLOBAL
2025-10-02 15:05:27,637 - INFO - 3. FUNCIONES AUXILIARES
2025-10-02 15:05:28,046 - INFO - 4. EJECUCIÓN DEL ANÁLISIS PARA TODOS LOS PORTAFOLIOS
2025-10-02 15:07:19,327 - INFO - Modelo guardado en: ../MODELS/lstm_entity_1.0_p1.0.keras
2025-10-02 15:09:24,394 - INFO - Modelo guardado en: ../MODELS/lstm_entity_3.0_p3.0.keras
2025-10-02 15:10:46,530 - INFO - Modelo guardado en: ../MODELS/lstm_entity_4.0_p4.0.keras
2025-10-02 15:10:55,844 - INFO - 5. GENERACIÓN DEL RESUMEN FINAL Y EXPORTACIÓN A EXCEL (NUEVA IMPLEMENTACIÓN)
2025-10-02 15:10:55,844 - INFO - Genera Excel con el resultado de las metricas
2025-10-02 15:10:55,876 - INFO - FINALIZA ENTRENAMIENTO
2025-10-02 15:15:03,893 - INFO - 1. CONFIGURACIÓN Y CARGA DE DATOS GLOBAL
2025-10-02 15:15:04,586 - INFO - 2. PREPROCESAMIENTO GLOBAL
2025-10-02 15:15:06,807 - INFO - 3. FUNCIONES AUXILIARES
2025-10-02 15:15:08,949 - INFO - 4. EJECUCIÓN DEL ANÁLISIS PARA TODOS LOS PORTAFOLIOS
2025-10-02 15:17:05,382 - INFO - Modelo guardado en: ../MODELS/lstm_entity_1.0_p1.0.keras
2025-10-02 15:19:02,345 - INFO - Modelo guardado en: ../MODELS/lstm_entity_3.0_p3.0.keras
2025-10-02 15:21:01,707 - INFO - Modelo guardado en: ../MODELS/lstm_entity_4.0_p4.0.keras
2025-10-02 15:21:22,823 - INFO - 5. GENERACIÓN DEL RESUMEN FINAL Y EXPORTACIÓN A EXCEL (NUEVA IMPLEMENTACIÓN)
2025-10-02 15:21:22,823 - INFO - Genera Excel con el resultado de las metricas
2025-10-02 15:21:22,876 - INFO - FINALIZA ENTRENAMIENTO
2025-10-02 15:23:15,844 - INFO - 1. CONFIGURACIÓN Y CARGA DE DATOS GLOBAL
2025-10-02 15:23:16,853 - INFO - 2. PREPROCESAMIENTO GLOBAL
2025-10-02 15:23:18,529 - INFO - 3. FUNCIONES AUXILIARES
2025-10-02 15:23:20,808 - INFO - 4. EJECUCIÓN DEL ANÁLISIS PARA TODOS LOS PORTAFOLIOS
2025-10-02 15:24:51,395 - INFO - Modelo guardado en: ../MODELS/lstm_entity_1.0_p1.0.keras
2025-10-02 15:26:40,562 - INFO - Modelo guardado en: ../MODELS/lstm_entity_3.0_p3.0.keras
2025-10-02 15:28:24,310 - INFO - Modelo guardado en: ../MODELS/lstm_entity_4.0_p4.0.keras
2025-10-02 15:28:40,359 - INFO - 5. GENERACIÓN DEL RESUMEN FINAL Y EXPORTACIÓN A EXCEL (NUEVA IMPLEMENTACIÓN)
2025-10-02 15:28:40,359 - INFO - Genera Excel con el resultado de las metricas
2025-10-02 15:28:40,404 - INFO - FINALIZA ENTRENAMIENTO
2025-10-02 15:30:06,497 - INFO - 1. CONFIGURACIÓN Y CARGA DE DATOS GLOBAL
2025-10-02 15:30:06,996 - INFO - 2. PREPROCESAMIENTO GLOBAL
2025-10-02 15:30:07,533 - INFO - 3. FUNCIONES AUXILIARES
2025-10-02 15:30:08,059 - INFO - 4. EJECUCIÓN DEL ANÁLISIS PARA TODOS LOS PORTAFOLIOS
2025-10-02 15:31:43,313 - INFO - Modelo guardado en: ../MODELS/lstm_entity_1.0_p1.0.keras
2025-10-02 15:33:24,210 - INFO - Modelo guardado en: ../MODELS/lstm_entity_3.0_p3.0.keras
2025-10-02 15:34:59,434 - INFO - Modelo guardado en: ../MODELS/lstm_entity_4.0_p4.0.keras
2025-10-02 15:35:16,313 - INFO - 5. GENERACIÓN DEL RESUMEN FINAL Y EXPORTACIÓN A EXCEL (NUEVA IMPLEMENTACIÓN)
2025-10-02 15:35:16,321 - INFO - Genera Excel con el resultado de las metricas
2025-10-02 15:35:16,362 - INFO - FINALIZA ENTRENAMIENTO
2025-10-02 15:44:04,775 - INFO - 1. CONFIGURACIÓN Y CARGA DE DATOS GLOBAL
2025-10-02 15:44:05,188 - INFO - 2. PREPROCESAMIENTO GLOBAL
2025-10-02 15:44:05,804 - INFO - 3. FUNCIONES AUXILIARES
2025-10-02 15:44:07,824 - INFO - 4. EJECUCIÓN DEL ANÁLISIS PARA TODOS LOS PORTAFOLIOS
2025-10-02 15:45:46,559 - INFO - Modelo guardado en: ../MODELS/lstm_entity_1.0_p1.0.keras
2025-10-02 15:47:35,979 - INFO - Modelo guardado en: ../MODELS/lstm_entity_3.0_p3.0.keras
2025-10-02 15:49:06,211 - INFO - Modelo guardado en: ../MODELS/lstm_entity_4.0_p4.0.keras
2025-10-02 15:49:22,842 - INFO - 5. GENERACIÓN DEL RESUMEN FINAL Y EXPORTACIÓN A EXCEL (NUEVA IMPLEMENTACIÓN)
2025-10-02 15:49:22,848 - INFO - Genera Excel con el resultado de las metricas
2025-10-02 15:49:22,896 - INFO - FINALIZA ENTRENAMIENTO
2025-10-02 16:08:45,430 - INFO - 1. CONFIGURACIÓN Y CARGA DE DATOS GLOBAL
2025-10-02 16:08:45,909 - INFO - 2. PREPROCESAMIENTO GLOBAL
2025-10-02 16:08:46,486 - INFO - 3. FUNCIONES AUXILIARES
2025-10-02 16:08:46,926 - INFO - 4. EJECUCIÓN DEL ANÁLISIS PARA TODOS LOS PORTAFOLIOS
2025-10-02 16:10:20,117 - INFO - Modelo guardado en: ../MODELS/lstm_entity_1.0_p1.0.keras
2025-10-02 16:12:04,843 - INFO - Modelo guardado en: ../MODELS/lstm_entity_3.0_p3.0.keras
2025-10-02 16:13:54,749 - INFO - Modelo guardado en: ../MODELS/lstm_entity_4.0_p4.0.keras
2025-10-02 16:14:12,357 - INFO - 5. GENERACIÓN DEL RESUMEN FINAL Y EXPORTACIÓN A EXCEL (NUEVA IMPLEMENTACIÓN)
2025-10-02 16:14:12,357 - INFO - Genera Excel con el resultado de las metricas
2025-10-02 16:14:12,403 - INFO - FINALIZA ENTRENAMIENTO
2025-10-02 16:24:38,967 - INFO - 1. CONFIGURACIÓN Y CARGA DE DATOS GLOBAL
2025-10-02 16:24:39,439 - INFO - 2. PREPROCESAMIENTO GLOBAL
2025-10-02 16:24:39,959 - INFO - 3. FUNCIONES AUXILIARES
2025-10-02 16:24:41,367 - INFO - 4. EJECUCIÓN DEL ANÁLISIS PARA TODOS LOS PORTAFOLIOS
2025-10-02 16:26:12,453 - INFO - Modelo guardado en: ../MODELS/lstm_entity_1.0_p1.0.keras
2025-10-02 16:28:14,589 - INFO - Modelo guardado en: ../MODELS/lstm_entity_3.0_p3.0.keras
2025-10-02 16:30:05,473 - INFO - Modelo guardado en: ../MODELS/lstm_entity_4.0_p4.0.keras
2025-10-02 16:30:33,679 - INFO - 5. GENERACIÓN DEL RESUMEN FINAL Y EXPORTACIÓN A EXCEL (NUEVA IMPLEMENTACIÓN)
2025-10-02 16:30:33,679 - INFO - Genera Excel con el resultado de las metricas
2025-10-02 16:30:33,741 - INFO - FINALIZA ENTRENAMIENTO
2025-10-02 16:31:44,034 - INFO - 1. CONFIGURACIÓN Y CARGA DE DATOS GLOBAL
2025-10-02 16:31:44,483 - INFO - 2. PREPROCESAMIENTO GLOBAL
2025-10-02 16:31:44,899 - INFO - 3. FUNCIONES AUXILIARES
2025-10-02 16:31:45,239 - INFO - 4. EJECUCIÓN DEL ANÁLISIS PARA TODOS LOS PORTAFOLIOS
2025-10-02 16:33:55,023 - INFO - Modelo guardado en: ../MODELS/lstm_entity_1.0_p1.0.keras
2025-10-02 16:35:34,725 - INFO - Modelo guardado en: ../MODELS/lstm_entity_3.0_p3.0.keras
2025-10-02 16:36:59,209 - INFO - Modelo guardado en: ../MODELS/lstm_entity_4.0_p4.0.keras
2025-10-02 16:37:21,631 - INFO - 5. GENERACIÓN DEL RESUMEN FINAL Y EXPORTACIÓN A EXCEL (NUEVA IMPLEMENTACIÓN)
2025-10-02 16:37:21,637 - INFO - Genera Excel con el resultado de las metricas
2025-10-02 16:37:21,667 - INFO - FINALIZA ENTRENAMIENTO
2025-10-02 16:40:28,873 - INFO - 1. CONFIGURACIÓN Y CARGA DE DATOS GLOBAL
2025-10-02 16:40:29,246 - INFO - 2. PREPROCESAMIENTO GLOBAL
2025-10-02 16:40:30,028 - INFO - 3. FUNCIONES AUXILIARES
2025-10-02 16:40:30,906 - INFO - 4. EJECUCIÓN DEL ANÁLISIS PARA TODOS LOS PORTAFOLIOS
2025-10-02 16:41:30,996 - INFO - Modelo guardado en: ../MODELS/lstm_entity_1.0_p1.0.keras
2025-10-02 16:42:42,227 - INFO - Modelo guardado en: ../MODELS/lstm_entity_3.0_p3.0.keras
2025-10-02 16:44:07,211 - INFO - Modelo guardado en: ../MODELS/lstm_entity_4.0_p4.0.keras
2025-10-02 16:44:16,333 - INFO - 5. GENERACIÓN DEL RESUMEN FINAL Y EXPORTACIÓN A EXCEL (NUEVA IMPLEMENTACIÓN)
2025-10-02 16:44:16,337 - INFO - Genera Excel con el resultado de las metricas
2025-10-02 16:44:16,393 - INFO - FINALIZA ENTRENAMIENTO
2025-10-02 16:47:30,048 - INFO - 1. CONFIGURACIÓN Y CARGA DE DATOS GLOBAL
2025-10-02 16:47:30,468 - INFO - 2. PREPROCESAMIENTO GLOBAL
2025-10-02 16:47:30,825 - INFO - 3. FUNCIONES AUXILIARES
2025-10-02 16:47:31,160 - INFO - 4. EJECUCIÓN DEL ANÁLISIS PARA TODOS LOS PORTAFOLIOS
2025-10-02 16:48:42,346 - INFO - Modelo guardado en: ../MODELS/lstm_entity_1.0_p1.0.keras
2025-10-02 16:50:20,159 - INFO - Modelo guardado en: ../MODELS/lstm_entity_3.0_p3.0.keras
2025-10-02 16:52:01,297 - INFO - Modelo guardado en: ../MODELS/lstm_entity_4.0_p4.0.keras
2025-10-02 16:52:11,552 - INFO - 5. GENERACIÓN DEL RESUMEN FINAL Y EXPORTACIÓN A EXCEL (NUEVA IMPLEMENTACIÓN)
2025-10-02 16:52:11,552 - INFO - Genera Excel con el resultado de las metricas
2025-10-02 16:52:11,568 - INFO - FINALIZA ENTRENAMIENTO
2025-10-02 16:54:34,266 - INFO - 1. CONFIGURACIÓN Y CARGA DE DATOS GLOBAL
2025-10-02 16:54:34,693 - INFO - 2. PREPROCESAMIENTO GLOBAL
2025-10-02 16:54:35,002 - INFO - 3. FUNCIONES AUXILIARES
2025-10-02 16:54:35,324 - INFO - 4. EJECUCIÓN DEL ANÁLISIS PARA TODOS LOS PORTAFOLIOS
2025-10-02 16:55:12,559 - INFO - Modelo guardado en: ../MODELS/lstm_entity_1.0_p1.0.keras
2025-10-02 16:55:39,792 - INFO - Modelo guardado en: ../MODELS/lstm_entity_3.0_p3.0.keras
2025-10-02 16:56:15,007 - INFO - Modelo guardado en: ../MODELS/lstm_entity_4.0_p4.0.keras
2025-10-02 16:56:20,914 - INFO - 5. GENERACIÓN DEL RESUMEN FINAL Y EXPORTACIÓN A EXCEL (NUEVA IMPLEMENTACIÓN)
2025-10-02 16:56:20,914 - INFO - Genera Excel con el resultado de las metricas
2025-10-02 16:56:20,930 - INFO - FINALIZA ENTRENAMIENTO
2025-10-02 16:58:50,651 - INFO - 1. CONFIGURACIÓN Y CARGA DE DATOS GLOBAL
2025-10-02 16:58:50,941 - INFO - 2. PREPROCESAMIENTO GLOBAL
2025-10-02 16:58:51,357 - INFO - 3. FUNCIONES AUXILIARES
2025-10-02 16:58:51,745 - INFO - 4. EJECUCIÓN DEL ANÁLISIS PARA TODOS LOS PORTAFOLIOS
2025-10-02 16:59:54,834 - INFO - Modelo guardado en: ../MODELS/lstm_entity_1.0_p1.0.keras
2025-10-02 17:01:02,725 - INFO - Modelo guardado en: ../MODELS/lstm_entity_3.0_p3.0.keras
2025-10-02 17:02:00,521 - INFO - Modelo guardado en: ../MODELS/lstm_entity_4.0_p4.0.keras
2025-10-02 17:02:10,169 - INFO - 5. GENERACIÓN DEL RESUMEN FINAL Y EXPORTACIÓN A EXCEL (NUEVA IMPLEMENTACIÓN)
2025-10-02 17:02:10,185 - INFO - Genera Excel con el resultado de las metricas
2025-10-02 17:02:10,222 - INFO - FINALIZA ENTRENAMIENTO
2025-10-02 17:02:44,928 - INFO - 1. CONFIGURACIÓN Y CARGA DE DATOS GLOBAL
2025-10-02 17:02:45,551 - INFO - 2. PREPROCESAMIENTO GLOBAL
2025-10-02 17:02:46,030 - INFO - 3. FUNCIONES AUXILIARES
2025-10-02 17:02:46,497 - INFO - 4. EJECUCIÓN DEL ANÁLISIS PARA TODOS LOS PORTAFOLIOS
2025-10-02 17:03:44,867 - INFO - Modelo guardado en: ../MODELS/lstm_entity_1.0_p1.0.keras
2025-10-02 17:04:52,994 - INFO - Modelo guardado en: ../MODELS/lstm_entity_3.0_p3.0.keras
2025-10-02 17:05:58,512 - INFO - Modelo guardado en: ../MODELS/lstm_entity_4.0_p4.0.keras
2025-10-02 17:06:07,707 - INFO - 5. GENERACIÓN DEL RESUMEN FINAL Y EXPORTACIÓN A EXCEL (NUEVA IMPLEMENTACIÓN)
2025-10-02 17:06:07,712 - INFO - Genera Excel con el resultado de las metricas
2025-10-02 17:06:07,739 - INFO - FINALIZA ENTRENAMIENTO
2025-10-02 17:06:39,483 - INFO - 1. CONFIGURACIÓN Y CARGA DE DATOS GLOBAL
2025-10-02 17:06:39,881 - INFO - 2. PREPROCESAMIENTO GLOBAL
2025-10-02 17:06:40,338 - INFO - 3. FUNCIONES AUXILIARES
2025-10-02 17:06:41,321 - INFO - 4. EJECUCIÓN DEL ANÁLISIS PARA TODOS LOS PORTAFOLIOS
2025-10-02 17:07:54,523 - INFO - Modelo guardado en: ../MODELS/lstm_entity_1.0_p1.0.keras
2025-10-02 17:09:02,532 - INFO - Modelo guardado en: ../MODELS/lstm_entity_3.0_p3.0.keras
2025-10-02 17:10:32,635 - INFO - Modelo guardado en: ../MODELS/lstm_entity_4.0_p4.0.keras
2025-10-02 17:10:46,640 - INFO - 5. GENERACIÓN DEL RESUMEN FINAL Y EXPORTACIÓN A EXCEL (NUEVA IMPLEMENTACIÓN)
2025-10-02 17:10:46,640 - INFO - Genera Excel con el resultado de las metricas
2025-10-02 17:10:46,700 - INFO - FINALIZA ENTRENAMIENTO
2025-10-02 17:20:21,024 - INFO - 1. CONFIGURACIÓN Y CARGA DE DATOS GLOBAL
2025-10-02 17:20:21,457 - INFO - 2. PREPROCESAMIENTO GLOBAL
2025-10-02 17:20:22,161 - INFO - 3. FUNCIONES AUXILIARES
2025-10-02 17:20:22,863 - INFO - 4. EJECUCIÓN DEL ANÁLISIS PARA TODOS LOS PORTAFOLIOS
2025-10-02 17:21:39,119 - INFO - Modelo guardado en: ../MODELS/lstm_entity_1.0_p1.0.keras
2025-10-02 17:23:04,873 - INFO - Modelo guardado en: ../MODELS/lstm_entity_3.0_p3.0.keras
2025-10-02 17:24:47,251 - INFO - Modelo guardado en: ../MODELS/lstm_entity_4.0_p4.0.keras
2025-10-02 17:25:12,873 - INFO - 5. GENERACIÓN DEL RESUMEN FINAL Y EXPORTACIÓN A EXCEL (NUEVA IMPLEMENTACIÓN)
2025-10-02 17:25:12,877 - INFO - Genera Excel con el resultado de las metricas
2025-10-02 17:25:12,944 - INFO - FINALIZA ENTRENAMIENTO
2025-10-02 17:30:32,455 - INFO - 1. CONFIGURACIÓN Y CARGA DE DATOS GLOBAL
2025-10-02 17:30:32,701 - INFO - 2. PREPROCESAMIENTO GLOBAL
2025-10-02 17:30:33,031 - INFO - 3. FUNCIONES AUXILIARES
2025-10-02 17:30:34,684 - INFO - 4. EJECUCIÓN DEL ANÁLISIS PARA TODOS LOS PORTAFOLIOS
2025-10-02 17:32:10,621 - INFO - Modelo guardado en: ../MODELS/lstm_entity_1.0_p1.0.keras
2025-10-02 17:35:35,613 - INFO - Modelo guardado en: ../MODELS/lstm_entity_3.0_p3.0.keras
2025-10-02 17:37:59,123 - INFO - Modelo guardado en: ../MODELS/lstm_entity_4.0_p4.0.keras
2025-10-02 17:38:20,768 - INFO - 5. GENERACIÓN DEL RESUMEN FINAL Y EXPORTACIÓN A EXCEL (NUEVA IMPLEMENTACIÓN)
2025-10-02 17:38:20,773 - INFO - Genera Excel con el resultado de las metricas
2025-10-02 17:38:20,822 - INFO - FINALIZA ENTRENAMIENTO
